Last login: Sat Apr 23 10:17:19 on ttys001
Bifortiss-Mac-mini-2:~ bifortis$ cd Desktop/quicksort/
Bifortiss-Mac-mini-2:quicksort bifortis$ git status
On branch master
Untracked files:
  (use "git add <file>..." to include in what will be committed)

	.main.cpp.swp

nothing added to commit but untracked files present (use "git add" to track)
Bifortiss-Mac-mini-2:quicksort bifortis$ git commit -m "Commit 2"
On branch master
Untracked files:
	.main.cpp.swp

nothing added to commit but untracked files present
Bifortiss-Mac-mini-2:quicksort bifortis$ git add .
Bifortiss-Mac-mini-2:quicksort bifortis$ git status
On branch master
Changes to be committed:
  (use "git reset HEAD <file>..." to unstage)

	new file:   .main.cpp.swp

Bifortiss-Mac-mini-2:quicksort bifortis$ git commit -m "Commit 2"
[master e04863a] Commit 2
 1 file changed, 0 insertions(+), 0 deletions(-)
 create mode 100644 .main.cpp.swp
Bifortiss-Mac-mini-2:quicksort bifortis$ git diff
Bifortiss-Mac-mini-2:quicksort bifortis$ git status
On branch master
Changes not staged for commit:
  (use "git add <file>..." to update what will be committed)
  (use "git checkout -- <file>..." to discard changes in working directory)

	modified:   main.cpp

no changes added to commit (use "git add" and/or "git commit -a")
Bifortiss-Mac-mini-2:quicksort bifortis$ git diff
diff --git a/main.cpp b/main.cpp
index 3764ad3..eabf975 100644
--- a/main.cpp
+++ b/main.cpp
@@ -17,7 +17,6 @@ int main(int argc, char* argv[])
        v[0]="Paris";
        v[1]="London";
        v[2]="Stockholm";
-   v[3]="Berlin";
        v[4]="Oslo";
        v[5]="Rome";
        v[6]="Madrid";
Bifortiss-Mac-mini-2:quicksort bifortis$ git diff
diff --git a/main.cpp b/main.cpp
index 3764ad3..f3ada0f 100644
--- a/main.cpp
+++ b/main.cpp
@@ -17,10 +17,9 @@ int main(int argc, char* argv[])
        v[0]="Paris";
        v[1]="London";
        v[2]="Stockholm";
-   v[3]="Berlin";
        v[4]="Oslo";
        v[5]="Rome";
-   v[6]="Madrid";
+ v[6]="Madarid";
        v[7]="Tallinn";
        v[8]="Amsterdam";
        v[9]="Dublin";
Bifortiss-Mac-mini-2:quicksort bifortis$ git add main.cpp
Bifortiss-Mac-mini-2:quicksort bifortis$ git status
On branch master
Changes to be committed:
  (use "git reset HEAD <file>..." to unstage)

	modified:   main.cpp

Bifortiss-Mac-mini-2:quicksort bifortis$ git commit -m "Commit 2"
[master f1a24e7] Commit 2
 1 file changed, 1 insertion(+), 2 deletions(-)
Bifortiss-Mac-mini-2:quicksort bifortis$ git status
On branch master
nothing to commit, working directory clean
Bifortiss-Mac-mini-2:quicksort bifortis$ git .gitignore
git: '.gitignore' is not a git command. See 'git --help'.
Bifortiss-Mac-mini-2:quicksort bifortis$  vi .ReadMe

$ this is a read me file
~                                                                               
~                                                                               
~                                                                               
~                                                                               
~                                                                               
~                                                                               
~                                                                               
~                                                                               
~                                                                               
~                                                                               
~                                                                               
~                                                                               
~                                                                               
~                                                                               
~                                                                               
~                                                                               
~                                                                               
~                                                                               
~                                                                               
~                                                                               
~                                                                               
~                                                                               
-- INSERT --
